nohup: ignoring input

========================================================================
  OVERNIGHT PPO TRAINING - STARTED AT Cum 24 Eki 2025 16:24:55 +03
========================================================================

[2025-10-24 16:24:55] Working directory: /home/yunusdanabas/passive_walker_rl
[2025-10-24 16:24:55] System Information:
[2025-10-24 16:24:55]   Python: Python 3.10.18
[2025-10-24 16:24:57]   PyTorch: 2.7.1
[2025-10-24 16:24:58]   CUDA Available: False
[2025-10-24 16:24:59]   Device: cpu

========================================================================
  RUN A: MLP BASELINE
========================================================================

[2025-10-24 16:24:59] Configuration: MLP [64,64], 500k timesteps
[2025-10-24 16:24:59] Expected duration: 1-2 hours
[2025-10-24 16:24:59] Starting: ppo_mlp_baseline
[2025-10-24 16:24:59] Log file: experiments/ppo_runs/overnight_logs/ppo_mlp_baseline_20251024_162455.log
Traceback (most recent call last):
  File "/home/yunusdanabas/mambaforge/envs/main/lib/python3.10/runpy.py", line 196, in _run_module_as_main
    return _run_code(code, main_globals, None,
  File "/home/yunusdanabas/mambaforge/envs/main/lib/python3.10/runpy.py", line 86, in _run_code
    exec(code, run_globals)
  File "/home/yunusdanabas/passive_walker_rl/passive_walker/ppo/train.py", line 17, in <module>
    from passive_walker.ppo.enhanced_trainer import EnhancedPPOTrainer
  File "/home/yunusdanabas/passive_walker_rl/passive_walker/ppo/enhanced_trainer.py", line 17, in <module>
    from .trainer import PPOTrainer
  File "/home/yunusdanabas/passive_walker_rl/passive_walker/ppo/trainer.py", line 21, in <module>
    from ..bc.tracking import ExperimentTracker
ModuleNotFoundError: No module named 'passive_walker.bc.tracking'
[2025-10-24 16:25:01] ✅ Completed: ppo_mlp_baseline

========================================================================
  RUN B: LSTM + CURRICULUM
========================================================================

[2025-10-24 16:25:01] Configuration: LSTM 128x2, Curriculum, 1M timesteps
[2025-10-24 16:25:01] Expected duration: 3-4 hours
[2025-10-24 16:25:01] Starting: ppo_lstm_curriculum
[2025-10-24 16:25:01] Log file: experiments/ppo_runs/overnight_logs/ppo_lstm_curriculum_20251024_162455.log
Traceback (most recent call last):
  File "/home/yunusdanabas/mambaforge/envs/main/lib/python3.10/runpy.py", line 196, in _run_module_as_main
    return _run_code(code, main_globals, None,
  File "/home/yunusdanabas/mambaforge/envs/main/lib/python3.10/runpy.py", line 86, in _run_code
    exec(code, run_globals)
  File "/home/yunusdanabas/passive_walker_rl/passive_walker/ppo/train.py", line 17, in <module>
    from passive_walker.ppo.enhanced_trainer import EnhancedPPOTrainer
  File "/home/yunusdanabas/passive_walker_rl/passive_walker/ppo/enhanced_trainer.py", line 17, in <module>
    from .trainer import PPOTrainer
  File "/home/yunusdanabas/passive_walker_rl/passive_walker/ppo/trainer.py", line 21, in <module>
    from ..bc.tracking import ExperimentTracker
ModuleNotFoundError: No module named 'passive_walker.bc.tracking'
[2025-10-24 16:25:02] ✅ Completed: ppo_lstm_curriculum

========================================================================
  RUN C: LSTM + FULL ENHANCEMENT
========================================================================

[2025-10-24 16:25:02] Configuration: LSTM 128x2, Curriculum + Aggressive Randomization, 1M timesteps
[2025-10-24 16:25:02] Expected duration: 4-5 hours
[2025-10-24 16:25:02] Starting: ppo_lstm_advanced
[2025-10-24 16:25:02] Log file: experiments/ppo_runs/overnight_logs/ppo_lstm_advanced_20251024_162455.log
Traceback (most recent call last):
  File "/home/yunusdanabas/mambaforge/envs/main/lib/python3.10/runpy.py", line 196, in _run_module_as_main
    return _run_code(code, main_globals, None,
  File "/home/yunusdanabas/mambaforge/envs/main/lib/python3.10/runpy.py", line 86, in _run_code
    exec(code, run_globals)
  File "/home/yunusdanabas/passive_walker_rl/passive_walker/ppo/train.py", line 17, in <module>
    from passive_walker.ppo.enhanced_trainer import EnhancedPPOTrainer
  File "/home/yunusdanabas/passive_walker_rl/passive_walker/ppo/enhanced_trainer.py", line 17, in <module>
    from .trainer import PPOTrainer
  File "/home/yunusdanabas/passive_walker_rl/passive_walker/ppo/trainer.py", line 21, in <module>
    from ..bc.tracking import ExperimentTracker
ModuleNotFoundError: No module named 'passive_walker.bc.tracking'
[2025-10-24 16:25:04] ✅ Completed: ppo_lstm_advanced

========================================================================
  OVERNIGHT PPO TRAINING - COMPLETED AT Cum 24 Eki 2025 16:25:04 +03
========================================================================

[2025-10-24 16:25:04] Total Duration: 0h 0m
[2025-10-24 16:25:04] 
[2025-10-24 16:25:04] Results Summary:
[2025-10-24 16:25:04]   Run A (MLP Baseline):           ✅ SUCCESS
[2025-10-24 16:25:04]   Run B (LSTM + Curriculum):      ✅ SUCCESS
[2025-10-24 16:25:04]   Run C (LSTM + Full Enhancement):✅ SUCCESS
[2025-10-24 16:25:04] 
[2025-10-24 16:25:04] Output directory: experiments/ppo_runs
[2025-10-24 16:25:04] Log directory: experiments/ppo_runs/overnight_logs
[2025-10-24 16:25:04] 
[2025-10-24 16:25:04] Summary saved to: experiments/ppo_runs/overnight_logs/overnight_summary_20251024_162455.txt
====================================================================
OVERNIGHT PPO TRAINING SUMMARY
====================================================================

Start Time: Cum 24 Eki 2025 16:24:55 +03
End Time:   Cum 24 Eki 2025 16:25:04 +03
Duration:   0h 0m

--------------------------------------------------------------------
Run Results:
--------------------------------------------------------------------
Run A - MLP Baseline:           SUCCESS
Run B - LSTM + Curriculum:      SUCCESS
Run C - LSTM + Full Enhancement:SUCCESS

--------------------------------------------------------------------
Output Locations:
--------------------------------------------------------------------
Models:      experiments/ppo_runs/ppo_mlp_baseline/final_model.pth
             experiments/ppo_runs/ppo_lstm_curriculum/final_model.pth
             experiments/ppo_runs/ppo_lstm_advanced/final_model.pth

Logs:        experiments/ppo_runs/overnight_logs/ppo_mlp_baseline_20251024_162455.log
             experiments/ppo_runs/overnight_logs/ppo_lstm_curriculum_20251024_162455.log
             experiments/ppo_runs/overnight_logs/ppo_lstm_advanced_20251024_162455.log

TensorBoard: tensorboard --logdir=experiments/ppo_runs

--------------------------------------------------------------------
Next Steps:
--------------------------------------------------------------------
1. Check individual run logs for details
2. View TensorBoard for training curves
3. Run evaluation: python -m passive_walker.ppo.evaluate_cli
4. Compare with BC baseline

====================================================================
[2025-10-24 16:25:04] ✅ All runs completed successfully!
